{
  "sections": [
    {
      "id": "problem",
      "title": "Problem",
      "narrative": "Traditionelle Haustierpflege-Services sind teuer und unpersönlich. Viele Tierbesitzer haben Schwierigkeiten, vertrauenswürdige und erschwingliche Betreuung für ihre Haustiere zu finden, insbesondere für längere Zeiträume. Bestehende Lösungen sind oft starr und bieten wenig Flexibilität.",
      "status": "populated",
      "key_metrics": {
        "market_pain_intensity": "8/10",
        "frequency_of_occurrence": "wöchentlich",
        "current_cost_inefficiency": "200-500€/Woche"
      },
      "supporting_evidence": [
        "79% der deutschen Haushalte mit Haustieren nutzen externe Betreuung",
        "Durchschnittliche Kosten für Tierpension: 35-50€/Tag",
        "42% unzufrieden mit verfügbaren Optionen (Statista 2023)"
      ],
      "assumptions": [
        "Tierbesitzer priorisieren Vertrauen über Kosten",
        "Peer-to-Peer Modell wird akzeptiert"
      ]
    },
    {
      "id": "solution",
      "title": "Lösung & Produkt", 
      "narrative": "HappyNest ist eine Plattform, die Tierbesitzer mit verifizierten Haustierbetreuern in ihrer Nachbarschaft verbindet. Durch Community-basierte Bewertungen, flexible Buchungsoptionen und integrierte Versicherung bieten wir eine kostengünstige Alternative zu traditionellen Tierpensionen.",
      "status": "populated",
      "key_features": [
        "Verifizierte Betreuer-Profile mit Bewertungen",
        "Flexible Buchung (Stunden bis Wochen)",
        "Integrierte Versicherung und Notfall-Support",
        "GPS-Tracking und Foto-Updates"
      ],
      "competitive_advantage": [
        "Lokale Community-Fokussierung",
        "50-70% günstigere Preise als Tierpensionen",
        "Persönliche Beziehungen zwischen Betreuern und Tieren"
      ],
      "assumptions": [
        "Technische Lösung vereinfacht Vertrauensaufbau",
        "Skalierung ohne Qualitätsverlust möglich"
      ]
    },
    {
      "id": "market",
      "title": "Markt",
      "narrative": "Der deutsche Haustiermarkt wächst kontinuierlich mit 15,7 Millionen Haushalten, die Haustiere besitzen. Der Service-Bereich (Pflege, Betreuung) repräsentiert einen €890M TAM mit 12% jährlichem Wachstum, getrieben durch demographische Veränderungen und gestiegene Ausgabenbereitschaft.",
      "status": "populated",
      "key_metrics": {
        "TAM": "€890M (Deutschland, Haustierpflege-Services)",
        "SAM": "€180M (Haustiersitting & temporäre Betreuung)",
        "SOM": "€18M (Online-vermittelte Services, 3-5 Jahre)"
      },
      "market_trends": [
        "Humanisierung von Haustieren (+15% Spending YoY)",
        "Digitalisierung traditioneller Services",
        "Zunahme von Single-Haushalten mit Haustieren"
      ],
      "target_segments": [
        "Urban Millennials (25-40) mit höherem Einkommen",
        "Berufstätige mit Reisebedarf",
        "Ältere Menschen, die gelegentlich Hilfe benötigen"
      ],
      "assumptions": [
        "Digitale Affinität bei Zielgruppe vorhanden",
        "Bereitschaft für Premium-Service bei Haustieren"
      ]
    }
  ],
  "missing_sections": [
    "gtm",
    "business_model", 
    "financials",
    "competition",
    "roadmap",
    "team",
    "ask"
  ],
  "section_status_summary": {
    "populated": 3,
    "missing": 7,
    "total": 10,
    "completion_percentage": 30
  },
  "next_recommended_sections": ["business_model", "gtm"],
  "data_sources": {
    "user_answers": ["Q01", "Q02"],
    "assumptions": ["market_sizing", "user_behavior", "pricing_sensitivity"],
    "external_research": ["statista_pet_market_2023", "bundesverband_tiernahrung"]
  },
  "quality_metrics": {
    "narrative_completeness": "85%",
    "assumption_transparency": "90%",
    "metric_coverage": "75%"
  },
  "assumption_log": [
    {
      "section": "market",
      "field": "TAM", 
      "assumption": "Deutschland pet services market sizing",
      "confidence": 0.8,
      "source": "industry_benchmarks",
      "applied_at": "2024-01-15T10:30:00Z"
    },
    {
      "section": "problem",
      "field": "market_pain_intensity",
      "assumption": "Pain level extrapolated from user interviews",
      "confidence": 0.7,
      "source": "user_research_proxy",
      "applied_at": "2024-01-15T10:30:00Z"
    }
  ],
  "metadata": {
    "stage": "S2",
    "project_name": "HappyNest",
    "generated_at": "2024-01-15T10:30:00Z",
    "processing_time_ms": 3500,
    "version": "S2.v1",
    "inputs_used": {
      "user_answers": 2,
      "assumptions_applied": 8,
      "external_data_sources": 3
    }
  }
}
